// Jest Snapshot v1, https://goo.gl/fbAQLP

exports[`<Question/> renders and matches the snapshot 1`] = `
<div
  className="c-question"
>
  <span>
    this is a test
  </span>
</div>
`;
