// Jest Snapshot v1, https://goo.gl/fbAQLP

exports[`<LetterTile/> renders and matches the snapshot 1`] = `
<button
  className="btn c-letter-tile"
  disabled={false}
  onClick={[Function]}
  type="button"
>
  A
</button>
`;
