// Jest Snapshot v1, https://goo.gl/fbAQLP

exports[`<AnswerLetter/> renders and matches the snapshot 1`] = `
<span
  className="c-answer-letter"
>
  A
</span>
`;
